// Jest Snapshot v1, https://goo.gl/fbAQLP

exports[`Day renders without crashing 1`] = `
<DocumentFragment>
  <div
    class="sc-AxgMl ewNxMU"
  >
    <header>
      <section>
        <img
          alt="bigWeatherIcon"
          class="sc-Axmtr bhtEpz"
        />
      </section>
      <section>
        <div
          class="sc-AxheI ikEUcU"
        >
          <p
            class="sc-fzozJi jPUxRQ"
          >
            sunny
          </p>
          <p
            class="sc-fzozJi jPUxRQ"
          >
            321째 / 123째
          </p>
        </div>
        <h1
          class="sc-fzpans hEsCVz"
        >
          -150째
        </h1>
      </section>
      <section
        class="sc-AxmLO fJWbmy"
      >
        <p
          class="sc-fzozJi sc-fzoLsD dxqxGG"
        >
          Berlin
        </p>
        <div>
          <h2
            class="sc-fzplWN iHlsnq"
          >
            Friday
          </h2>
          <h2
            class="sc-fzplWN iHlsnq"
          >
            13. October
          </h2>
        </div>
      </section>
    </header>
    <main
      class="sc-AxhUy cnZzqw"
    >
      <button
        class="sc-AxjAm cPOcFJ"
      >
        <p
          class="sc-AxiKw jKCCZu"
        >
          15:00
        </p>
        <img
          alt="smallWeatherIcon"
          class="sc-AxirZ fcqyWt"
        />
        <h3
          class="sc-AxhCb eKxkdA"
        >
          -150째
        </h3>
      </button>
    </main>
  </div>
</DocumentFragment>
`;
