// Jest Snapshot v1, https://goo.gl/fbAQLP

exports[`App renders without crashing 1`] = `
<DocumentFragment>
  <div
    class="sc-fznKkj dFbIvl"
    data-testid="Loader"
  />
</DocumentFragment>
`;
